SNOPT 7.5-1.2 : Optimal solution found.
1 iterations, objective 1.818989404e-12

Solution for a = 100:
Objective value: 0.000000
x: 100.000000
SNOPT 7.5-1.2 : Optimal solution found.
1 iterations, objective 0

Solution for a = 200:
Objective value: 0.000000
x: 200.000000
SNOPT 7.5-1.2 : Optimal solution found.
1 iterations, objective 0

Solution for a = 300:
Objective value: 0.000000
x: 300.000000
